// Vitest Snapshot v1, https://vitest.dev/guide/snapshot.html

exports[`UpgradeComponent > renders and matches snapshop 1`] = `
<div>
  <div
    class="upgrade major-section"
  >
    <div
      class="row"
    >
      <div
        class="col"
      >
        <h2>
          Upgrade domain
        </h2>
      </div>
    </div>
    <div
      class="row"
    >
      <div
        class="col-md-10"
      >
        <p>
          The domain upgrade offers new functionalities and dynamic renovation. The upgrade requires a single transaction with your wallet, then your domain will be upgraded automatically.
        </p>
      </div>
      <div
        class="col-md-2"
      >
        <button
          class="btn btn-primary"
          type="button"
        >
          upgrade
        </button>
      </div>
    </div>
  </div>
</div>
`;
