// Vitest Snapshot v1, https://vitest.dev/guide/snapshot.html

exports[`TextRotationComponent > renders, places correct content with bold and matches snapshot 1`] = `
<div>
  <div
    class="text-rotation"
  >
    <h3
      class="blue"
    >
      the heading...
    </h3>
    <p>
      hello 
      <strong>
        world
      </strong>
      .
      <br />
      <a
        href="https://developers.rsk.co/"
        rel="noopener noreferrer"
        target="_blank"
      >
        click
      </a>
    </p>
  </div>
</div>
`;
