// Vitest Snapshot v1, https://vitest.dev/guide/snapshot.html

exports[`NewRecordComponent > renders and matches snapshot 1`] = `
<div>
  <div
    class="major-section add-records"
  >
    <h3>
      Add records
    </h3>
    <div
      class="row"
    >
      <div
        class="col-md-3"
      >
        <select>
          <option
            value="CONTENT_BYTES"
          >
            Content bytes
          </option>
        </select>
      </div>
      <div
        class="col-md-7"
      >
        <input
          placeholder="bytes32"
          value=""
        />
      </div>
      <div
        class="col-md-2"
      >
        <button
          class="add btn btn-primary"
          type="button"
        >
          Add
        </button>
      </div>
    </div>
  </div>
</div>
`;
