// Jest Snapshot v1, https://goo.gl/fbAQLP

exports[`AddressesComponent matches snapshot 1`] = `
<Provider
  store={
    Object {
      "clearActions": [Function],
      "dispatch": [Function],
      "getActions": [Function],
      "getState": [Function],
      "replaceReducer": [Function],
      "subscribe": [Function],
    }
  }
>
  <Connect(AddressesComponent)>
    <AddressesComponent
      currentLanguageCode="en"
      dispatch={[Function]}
      strings={
        Object {
          "your_addresses": "Your addresses",
        }
      }
    >
      <div>
        <h1>
          Your addresses
        </h1>
      </div>
    </AddressesComponent>
  </Connect(AddressesComponent)>
</Provider>
`;
