// Jest Snapshot v1, https://goo.gl/fbAQLP

exports[`DomainInfoComponent matches snapshot 1`] = `
<Provider
  store={
    Object {
      "clearActions": [Function],
      "dispatch": [Function],
      "getActions": [Function],
      "getState": [Function],
      "replaceReducer": [Function],
      "subscribe": [Function],
    }
  }
>
  <Connect(DomainInfoComponent)
    domain="jesse.rsk"
  >
    <DomainInfoComponent
      currentLanguageCode="en"
      dispatch={[Function]}
      domain="jesse.rsk"
      strings={
        Object {
          "copied": "copied",
          "copy_text": "Copy text",
          "domain_info": "Domain info",
          "transfer": "transfer",
          "transfer_warning": "Transfer the ownership of your domain to another address. Please be aware that once you transfer the ownership of your domain you will not be able to access and manage the domain anymore.",
        }
      }
    >
      <div
        className="domainInfo"
      >
        <h1>
          Domain info
        </h1>
        <ForwardRef
          noGutters={false}
        >
          <div
            className="row"
          >
            <Col
              md={8}
            >
              <div
                className="col-md-8"
              >
                <div
                  className="domain"
                >
                  jesse.rsk
                  <Connect(CopyButtonComponent)
                    text="jesse.rsk"
                  >
                    <CopyButtonComponent
                      currentLanguageCode="en"
                      dispatch={[Function]}
                      strings={
                        Object {
                          "copied": "copied",
                          "copy_text": "Copy text",
                          "domain_info": "Domain info",
                          "transfer": "transfer",
                          "transfer_warning": "Transfer the ownership of your domain to another address. Please be aware that once you transfer the ownership of your domain you will not be able to access and manage the domain anymore.",
                        }
                      }
                      text="jesse.rsk"
                    >
                      <div
                        className="copyButton"
                      >
                        <button
                          onClick={[Function]}
                          type="button"
                        >
                          <Image
                            alt="Copy text"
                            fluid={false}
                            rounded={false}
                            roundedCircle={false}
                            src="mock-image"
                            thumbnail={false}
                          >
                            <img
                              alt="Copy text"
                              className=""
                              src="mock-image"
                            />
                          </Image>
                        </button>
                        <input
                          className="copyText"
                          defaultValue="jesse.rsk"
                          type="text"
                        />
                      </div>
                    </CopyButtonComponent>
                  </Connect(CopyButtonComponent)>
                </div>
              </div>
            </Col>
            <Col
              className="renew"
              md={4}
            >
              <div
                className="renew col-md-4"
              >
                RENEW
              </div>
            </Col>
          </div>
        </ForwardRef>
        <ForwardRef
          className="break-above"
          noGutters={false}
        >
          <div
            className="break-above row"
          >
            <Col>
              <div
                className="col"
              >
                <h2>
                  transfer
                </h2>
                <p>
                  Transfer the ownership of your domain to another address. Please be aware that once you transfer the ownership of your domain you will not be able to access and manage the domain anymore.
                </p>
              </div>
            </Col>
          </div>
        </ForwardRef>
      </div>
    </DomainInfoComponent>
  </Connect(DomainInfoComponent)>
</Provider>
`;
