// Jest Snapshot v1, https://goo.gl/fbAQLP

exports[`DomainInfoComponent matches snapshot 1`] = `
<Provider
  store={
    Object {
      "clearActions": [Function],
      "dispatch": [Function],
      "getActions": [Function],
      "getState": [Function],
      "replaceReducer": [Function],
      "subscribe": [Function],
    }
  }
>
  <Connect(DomainInfoComponent)>
    <DomainInfoComponent
      currentLanguageCode="en"
      dispatch={[Function]}
      strings={
        Object {
          "domain_info": "Domain info",
        }
      }
    >
      <div>
        <h1>
          Domain info
        </h1>
      </div>
    </DomainInfoComponent>
  </Connect(DomainInfoComponent)>
</Provider>
`;
